[
  [
    "County Name",
    "Precincts",
    "Voter Registration",
    "Suspense Voters",
    "Non-Suspense Voters"
  ],
  [
    "ANDERSON",
    "22",
    "29,750",
    "2,756",
    "26,994"
  ],
  [
    "ANDREWS",
    "4",
    "10,436",
    "1,447",
    "8,989"
  ],
  [
    "ANGELINA",
    "47",
    "54,538",
    "5,973",
    "48,565"
  ],
  [
    "ARANSAS",
    "6",
    "19,140",
    "3,048",
    "16,092"
  ],
  [
    "ARCHER",
    "13",
    "6,801",
    "205",
    "6,596"
  ],
  [
    "ARMSTRONG",
    "9",
    "1,411",
    "110",
    "1,301"
  ],
  [
    "ATASCOSA",
    "24",
    "30,968",
    "3,501",
    "27,467"
  ],
  [
    "AUSTIN",
    "15",
    "21,377",
    "2,127",
    "19,250"
  ],
  [
    "BAILEY",
    "4",
    "3,135",
    "101",
    "3,034"
  ],
  [
    "BANDERA",
    "10",
    "18,400",
    "1,765",
    "16,635"
  ],
  [
    "BASTROP",
    "26",
    "58,173",
    "6,750",
    "51,423"
  ],
  [
    "BAYLOR",
    "4",
    "2,385",
    "212",
    "2,173"
  ],
  [
    "BEE",
    "13",
    "15,535",
    "2,192",
    "13,343"
  ],
  [
    "BELL",
    "65",
    "228,209",
    "38,692",
    "189,517"
  ],
  [
    "BEXAR",
    "776",
    "1,238,876",
    "125,350",
    "1,113,526"
  ],
  [
    "BLANCO",
    "5",
    "10,627",
    "958",
    "9,669"
  ],
  [
    "BORDEN",
    "9",
    "459",
    "32",
    "427"
  ],
  [
    "BOSQUE",
    "11",
    "13,239",
    "1,365",
    "11,874"
  ],
  [
    "BOWIE",
    "49",
    "60,920",
    "9,843",
    "51,077"
  ],
  [
    "BRAZORIA",
    "80",
    "240,631",
    "24,832",
    "215,799"
  ],
  [
    "BRAZOS",
    "109",
    "127,664",
    "20,888",
    "106,776"
  ],
  [
    "BREWSTER",
    "8",
    "7,169",
    "1,338",
    "5,831"
  ],
  [
    "BRISCOE",
    "6",
    "1,027",
    "116",
    "911"
  ],
  [
    "BROOKS",
    "5",
    "4,913",
    "734",
    "4,179"
  ],
  [
    "BROWN",
    "18",
    "24,721",
    "2,956",
    "21,765"
  ],
  [
    "BURLESON",
    "14",
    "13,299",
    "1,379",
    "11,920"
  ],
  [
    "BURNET",
    "20",
    "37,618",
    "3,923",
    "33,695"
  ],
  [
    "CALDWELL",
    "24",
    "25,702",
    "2,196",
    "23,506"
  ],
  [
    "CALHOUN",
    "11",
    "12,953",
    "1,487",
    "11,466"
  ],
  [
    "CALLAHAN",
    "8",
    "10,135",
    "697",
    "9,438"
  ],
  [
    "CAMERON",
    "101",
    "230,531",
    "21,909",
    "208,622"
  ],
  [
    "CAMP",
    "4",
    "8,069",
    "733",
    "7,336"
  ],
  [
    "CARSON",
    "9",
    "4,231",
    "360",
    "3,871"
  ],
  [
    "CASS",
    "18",
    "21,151",
    "2,829",
    "18,322"
  ],
  [
    "CASTRO",
    "8",
    "3,641",
    "390",
    "3,251"
  ],
  [
    "CHAMBERS",
    "18",
    "35,387",
    "2,942",
    "32,445"
  ],
  [
    "CHEROKEE",
    "25",
    "31,036",
    "2,775",
    "28,261"
  ],
  [
    "CHILDRESS",
    "4",
    "3,675",
    "173",
    "3,502"
  ],
  [
    "CLAY",
    "16",
    "8,089",
    "756",
    "7,333"
  ],
  [
    "COCHRAN",
    "5",
    "1,653",
    "268",
    "1,385"
  ],
  [
    "COKE",
    "4",
    "2,362",
    "45",
    "2,317"
  ],
  [
    "COLEMAN",
    "5",
    "5,996",
    "579",
    "5,417"
  ],
  [
    "COLLIN",
    "252",
    "712,645",
    "77,220",
    "635,425"
  ],
  [
    "COLLINGSWORTH",
    "14",
    "1,869",
    "3",
    "1,866"
  ],
  [
    "COLORADO",
    "12",
    "14,424",
    "1,204",
    "13,220"
  ],
  [
    "COMAL",
    "34",
    "136,291",
    "14,672",
    "121,619"
  ],
  [
    "COMANCHE",
    "14",
    "9,747",
    "1,080",
    "8,667"
  ],
  [
    "CONCHO",
    "8",
    "1,739",
    "120",
    "1,619"
  ],
  [
    "COOKE",
    "17",
    "29,115",
    "1,703",
    "27,412"
  ],
  [
    "CORYELL",
    "16",
    "44,610",
    "11,564",
    "33,046"
  ],
  [
    "COTTLE",
    "4",
    "969",
    "158",
    "811"
  ],
  [
    "CRANE",
    "4",
    "2,637",
    "259",
    "2,378"
  ],
  [
    "CROCKETT",
    "4",
    "2,219",
    "160",
    "2,059"
  ],
  [
    "CROSBY",
    "4",
    "3,491",
    "549",
    "2,942"
  ],
  [
    "CULBERSON",
    "5",
    "1,635",
    "46",
    "1,589"
  ],
  [
    "DALLAM",
    "9",
    "2,793",
    "271",
    "2,522"
  ],
  [
    "DALLAS",
    "887",
    "1,419,477",
    "120,576",
    "1,298,901"
  ],
  [
    "DAWSON",
    "9",
    "6,659",
    "887",
    "5,772"
  ],
  [
    "DEAF SMITH",
    "4",
    "8,482",
    "1,179",
    "7,303"
  ],
  [
    "DELTA",
    "7",
    "4,009",
    "310",
    "3,699"
  ],
  [
    "DENTON",
    "240",
    "628,566",
    "55,293",
    "573,273"
  ],
  [
    "DEWITT",
    "10",
    "11,166",
    "929",
    "10,237"
  ],
  [
    "DICKENS",
    "6",
    "1,431",
    "139",
    "1,292"
  ],
  [
    "DIMMIT",
    "7",
    "6,582",
    "523",
    "6,059"
  ],
  [
    "DONLEY",
    "6",
    "2,260",
    "204",
    "2,056"
  ],
  [
    "DUVAL",
    "11",
    "7,935",
    "345",
    "7,590"
  ],
  [
    "EASTLAND",
    "9",
    "12,121",
    "1,399",
    "10,722"
  ],
  [
    "ECTOR",
    "41",
    "82,791",
    "4,868",
    "77,923"
  ],
  [
    "EDWARDS",
    "5",
    "1,474",
    "159",
    "1,315"
  ],
  [
    "ELLIS",
    "59",
    "138,723",
    "13,536",
    "125,187"
  ],
  [
    "EL PASO",
    "221",
    "500,673",
    "47,639",
    "453,034"
  ],
  [
    "ERATH",
    "21",
    "24,995",
    "1,472",
    "23,523"
  ],
  [
    "FALLS",
    "12",
    "10,223",
    "847",
    "9,376"
  ],
  [
    "FANNIN",
    "17",
    "23,813",
    "3,078",
    "20,735"
  ],
  [
    "FAYETTE",
    "12",
    "17,962",
    "1,563",
    "16,399"
  ],
  [
    "FISHER",
    "4",
    "2,673",
    "37",
    "2,636"
  ],
  [
    "FLOYD",
    "4",
    "3,591",
    "243",
    "3,348"
  ],
  [
    "FOARD",
    "4",
    "800",
    "75",
    "725"
  ],
  [
    "FORT BEND",
    "177",
    "527,397",
    "50,153",
    "477,244"
  ],
  [
    "FRANKLIN",
    "8",
    "7,395",
    "607",
    "6,788"
  ],
  [
    "FREESTONE",
    "13",
    "12,959",
    "1,318",
    "11,641"
  ],
  [
    "FRIO",
    "9",
    "9,247",
    "817",
    "8,430"
  ],
  [
    "GAINES",
    "7",
    "10,058",
    "1,217",
    "8,841"
  ],
  [
    "GALVESTON",
    "96",
    "237,517",
    "19,731",
    "217,786"
  ],
  [
    "GARZA",
    "6",
    "2,605",
    "410",
    "2,195"
  ],
  [
    "GILLESPIE",
    "13",
    "21,294",
    "1,988",
    "19,306"
  ],
  [
    "GLASSCOCK",
    "4",
    "828",
    "29",
    "799"
  ],
  [
    "GOLIAD",
    "9",
    "5,759",
    "650",
    "5,109"
  ],
  [
    "GONZALES",
    "15",
    "12,882",
    "630",
    "12,252"
  ],
  [
    "GRAY",
    "7",
    "12,047",
    "1,527",
    "10,520"
  ],
  [
    "GRAYSON",
    "41",
    "95,362",
    "9,305",
    "86,057"
  ],
  [
    "GREGG",
    "21",
    "74,057",
    "8,059",
    "65,998"
  ],
  [
    "GRIMES",
    "13",
    "20,042",
    "1,797",
    "18,245"
  ],
  [
    "GUADALUPE",
    "76",
    "123,388",
    "14,947",
    "108,441"
  ],
  [
    "HALE",
    "30",
    "17,845",
    "1,243",
    "16,602"
  ],
  [
    "HALL",
    "7",
    "1,848",
    "208",
    "1,640"
  ],
  [
    "HAMILTON",
    "11",
    "6,108",
    "583",
    "5,525"
  ],
  [
    "HANSFORD",
    "8",
    "2,950",
    "341",
    "2,609"
  ],
  [
    "HARDEMAN",
    "4",
    "2,364",
    "229",
    "2,135"
  ],
  [
    "HARDIN",
    "19",
    "42,264",
    "576",
    "41,688"
  ],
  [
    "HARRIS",
    "1,171",
    "2,604,124",
    "248,710",
    "2,355,414"
  ],
  [
    "HARRISON",
    "27",
    "45,986",
    "5,196",
    "40,790"
  ],
  [
    "HARTLEY",
    "6",
    "2,774",
    "389",
    "2,385"
  ],
  [
    "HASKELL",
    "10",
    "3,349",
    "268",
    "3,081"
  ],
  [
    "HAYS",
    "94",
    "173,820",
    "13,378",
    "160,442"
  ],
  [
    "HEMPHILL",
    "8",
    "2,307",
    "274",
    "2,033"
  ],
  [
    "HENDERSON",
    "30",
    "57,467",
    "5,805",
    "51,662"
  ],
  [
    "HIDALGO",
    "259",
    "428,414",
    "35,328",
    "393,086"
  ],
  [
    "HILL",
    "13",
    "25,699",
    "276",
    "25,423"
  ],
  [
    "HOCKLEY",
    "14",
    "13,521",
    "659",
    "12,862"
  ],
  [
    "HOOD",
    "17",
    "49,556",
    "3,986",
    "45,570"
  ],
  [
    "HOPKINS",
    "21",
    "24,594",
    "1,885",
    "22,709"
  ],
  [
    "HOUSTON",
    "21",
    "13,553",
    "1,657",
    "11,896"
  ],
  [
    "HOWARD",
    "33",
    "16,768",
    "1,567",
    "15,201"
  ],
  [
    "HUDSPETH",
    "8",
    "2,143",
    "228",
    "1,915"
  ],
  [
    "HUNT",
    "36",
    "68,246",
    "7,661",
    "60,585"
  ],
  [
    "HUTCHINSON",
    "8",
    "13,199",
    "947",
    "12,252"
  ],
  [
    "IRION",
    "6",
    "1,222",
    "126",
    "1,096"
  ],
  [
    "JACK",
    "6",
    "5,623",
    "636",
    "4,987"
  ],
  [
    "JACKSON",
    "9",
    "9,663",
    "941",
    "8,722"
  ],
  [
    "JASPER",
    "20",
    "23,876",
    "2,180",
    "21,696"
  ],
  [
    "JEFF DAVIS",
    "5",
    "1,554",
    "175",
    "1,379"
  ],
  [
    "JEFFERSON",
    "104",
    "145,249",
    "13,410",
    "131,839"
  ],
  [
    "JIM HOGG",
    "5",
    "3,534",
    "492",
    "3,042"
  ],
  [
    "JIM WELLS",
    "21",
    "25,886",
    "2,739",
    "23,147"
  ],
  [
    "JOHNSON",
    "43",
    "122,431",
    "14,265",
    "108,166"
  ],
  [
    "JONES",
    "4",
    "10,705",
    "861",
    "9,844"
  ],
  [
    "KARNES",
    "15",
    "8,319",
    "941",
    "7,378"
  ],
  [
    "KAUFMAN",
    "37",
    "100,352",
    "8,107",
    "92,245"
  ],
  [
    "KENDALL",
    "17",
    "37,616",
    "1,570",
    "36,046"
  ],
  [
    "KENEDY",
    "6",
    "270",
    "58",
    "212"
  ],
  [
    "KENT",
    "6",
    "584",
    "19",
    "565"
  ],
  [
    "KERR",
    "21",
    "38,933",
    "4,524",
    "34,409"
  ],
  [
    "KIMBLE",
    "7",
    "3,229",
    "252",
    "2,977"
  ],
  [
    "KING",
    "4",
    "158",
    "10",
    "148"
  ],
  [
    "KINNEY",
    "4",
    "2,161",
    "137",
    "2,024"
  ],
  [
    "KLEBERG",
    "19",
    "18,259",
    "3,178",
    "15,081"
  ],
  [
    "KNOX",
    "6",
    "2,209",
    "60",
    "2,149"
  ],
  [
    "LAMAR",
    "26",
    "32,282",
    "3,425",
    "28,857"
  ],
  [
    "LAMB",
    "12",
    "7,760",
    "734",
    "7,026"
  ],
  [
    "LAMPASAS",
    "10",
    "16,221",
    "736",
    "15,485"
  ],
  [
    "LASALLE",
    "6",
    "4,158",
    "628",
    "3,530"
  ],
  [
    "LAVACA",
    "11",
    "14,081",
    "1,277",
    "12,804"
  ],
  [
    "LEE",
    "15",
    "11,703",
    "1,125",
    "10,578"
  ],
  [
    "LEON",
    "14",
    "12,265",
    "943",
    "11,322"
  ],
  [
    "LIBERTY",
    "24",
    "51,889",
    "5,117",
    "46,772"
  ],
  [
    "LIMESTONE",
    "22",
    "14,080",
    "636",
    "13,444"
  ],
  [
    "LIPSCOMB",
    "9",
    "1,784",
    "113",
    "1,671"
  ],
  [
    "LIVE OAK",
    "14",
    "7,577",
    "1,073",
    "6,504"
  ],
  [
    "LLANO",
    "9",
    "17,893",
    "1,984",
    "15,909"
  ],
  [
    "LOVING",
    "4",
    "110",
    "19",
    "91"
  ],
  [
    "LUBBOCK",
    "103",
    "188,391",
    "31,939",
    "156,452"
  ],
  [
    "LYNN",
    "10",
    "4,153",
    "204",
    "3,949"
  ],
  [
    "MADISON",
    "4",
    "8,206",
    "783",
    "7,423"
  ],
  [
    "MARION",
    "10",
    "7,627",
    "505",
    "7,122"
  ],
  [
    "MARTIN",
    "6",
    "3,403",
    "325",
    "3,078"
  ],
  [
    "MASON",
    "4",
    "3,209",
    "251",
    "2,958"
  ],
  [
    "MATAGORDA",
    "18",
    "21,804",
    "2,158",
    "19,646"
  ],
  [
    "MAVERICK",
    "16",
    "34,716",
    "3,134",
    "31,582"
  ],
  [
    "MCCULLOCH",
    "9",
    "5,280",
    "715",
    "4,565"
  ],
  [
    "MCLENNAN",
    "91",
    "153,475",
    "20,886",
    "132,589"
  ],
  [
    "MCMULLEN",
    "4",
    "616",
    "6",
    "610"
  ],
  [
    "MEDINA",
    "15",
    "36,975",
    "3,310",
    "33,665"
  ],
  [
    "MENARD",
    "6",
    "1,453",
    "142",
    "1,311"
  ],
  [
    "MIDLAND",
    "47",
    "95,210",
    "13,763",
    "81,447"
  ],
  [
    "MILAM",
    "11",
    "16,732",
    "1,147",
    "15,585"
  ],
  [
    "MILLS",
    "8",
    "3,516",
    "282",
    "3,234"
  ],
  [
    "MITCHELL",
    "4",
    "4,460",
    "518",
    "3,942"
  ],
  [
    "MONTAGUE",
    "15",
    "15,062",
    "1,438",
    "13,624"
  ],
  [
    "MONTGOMERY",
    "113",
    "428,859",
    "38,511",
    "390,348"
  ],
  [
    "MOORE",
    "7",
    "9,881",
    "729",
    "9,152"
  ],
  [
    "MORRIS",
    "9",
    "8,695",
    "1,040",
    "7,655"
  ],
  [
    "MOTLEY",
    "6",
    "818",
    "53",
    "765"
  ],
  [
    "NACOGDOCHES",
    "19",
    "38,524",
    "4,843",
    "33,681"
  ],
  [
    "NAVARRO",
    "33",
    "31,688",
    "1,760",
    "29,928"
  ],
  [
    "NEWTON",
    "24",
    "9,349",
    "449",
    "8,900"
  ],
  [
    "NOLAN",
    "9",
    "8,339",
    "306",
    "8,033"
  ],
  [
    "NUECES",
    "128",
    "212,704",
    "21,756",
    "190,948"
  ],
  [
    "OCHILTREE",
    "4",
    "5,121",
    "596",
    "4,525"
  ],
  [
    "OLDHAM",
    "7",
    "1,329",
    "161",
    "1,168"
  ],
  [
    "ORANGE",
    "34",
    "54,752",
    "4,807",
    "49,945"
  ],
  [
    "PALO PINTO",
    "30",
    "19,411",
    "1,711",
    "17,700"
  ],
  [
    "PANOLA",
    "19",
    "17,437",
    "1,815",
    "15,622"
  ],
  [
    "PARKER",
    "45",
    "121,027",
    "14,868",
    "106,159"
  ],
  [
    "PARMER",
    "8",
    "4,455",
    "341",
    "4,114"
  ],
  [
    "PECOS",
    "9",
    "8,235",
    "1,001",
    "7,234"
  ],
  [
    "POLK",
    "22",
    "42,809",
    "6,034",
    "36,775"
  ],
  [
    "POTTER",
    "25",
    "57,545",
    "9,854",
    "47,691"
  ],
  [
    "PRESIDIO",
    "7",
    "4,310",
    "412",
    "3,898"
  ],
  [
    "RAINS",
    "8",
    "9,011",
    "869",
    "8,142"
  ],
  [
    "RANDALL",
    "31",
    "96,752",
    "12,152",
    "84,600"
  ],
  [
    "REAGAN",
    "4",
    "1,794",
    "246",
    "1,548"
  ],
  [
    "REAL",
    "5",
    "2,630",
    "238",
    "2,392"
  ],
  [
    "RED RIVER",
    "29",
    "8,482",
    "924",
    "7,558"
  ],
  [
    "REEVES",
    "9",
    "7,567",
    "668",
    "6,899"
  ],
  [
    "REFUGIO",
    "10",
    "4,818",
    "475",
    "4,343"
  ],
  [
    "ROBERTS",
    "5",
    "704",
    "72",
    "632"
  ],
  [
    "ROBERTSON",
    "13",
    "12,195",
    "774",
    "11,421"
  ],
  [
    "ROCKWALL",
    "26",
    "83,390",
    "7,618",
    "75,772"
  ],
  [
    "RUNNELS",
    "9",
    "6,773",
    "242",
    "6,531"
  ],
  [
    "RUSK",
    "22",
    "33,258",
    "3,566",
    "29,692"
  ],
  [
    "SABINE",
    "10",
    "8,231",
    "927",
    "7,304"
  ],
  [
    "SAN AUGUSTINE",
    "11",
    "5,911",
    "481",
    "5,430"
  ],
  [
    "SAN JACINTO",
    "11",
    "19,798",
    "1,544",
    "18,254"
  ],
  [
    "SAN PATRICIO",
    "25",
    "43,645",
    "5,544",
    "38,101"
  ],
  [
    "SAN SABA",
    "7",
    "3,717",
    "207",
    "3,510"
  ],
  [
    "SCHLEICHER",
    "4",
    "1,719",
    "88",
    "1,631"
  ],
  [
    "SCURRY",
    "11",
    "9,223",
    "1,026",
    "8,197"
  ],
  [
    "SHACKELFORD",
    "7",
    "2,339",
    "185",
    "2,154"
  ],
  [
    "SHELBY",
    "14",
    "15,956",
    "1,438",
    "14,518"
  ],
  [
    "SHERMAN",
    "7",
    "1,394",
    "184",
    "1,210"
  ],
  [
    "SMITH",
    "75",
    "156,196",
    "13,401",
    "142,795"
  ],
  [
    "SOMERVELL",
    "8",
    "7,125",
    "541",
    "6,584"
  ],
  [
    "STARR",
    "14",
    "35,191",
    "1,578",
    "33,613"
  ],
  [
    "STEPHENS",
    "5",
    "5,717",
    "644",
    "5,073"
  ],
  [
    "STERLING",
    "4",
    "828",
    "39",
    "789"
  ],
  [
    "STONEWALL",
    "4",
    "921",
    "0",
    "921"
  ],
  [
    "SUTTON",
    "8",
    "2,317",
    "225",
    "2,092"
  ],
  [
    "SWISHER",
    "8",
    "3,848",
    "463",
    "3,385"
  ],
  [
    "TARRANT",
    "844",
    "1,264,855",
    "141,682",
    "1,123,173"
  ],
  [
    "TAYLOR",
    "34",
    "86,321",
    "14,699",
    "71,622"
  ],
  [
    "TERRELL",
    "4",
    "624",
    "16",
    "608"
  ],
  [
    "TERRY",
    "8",
    "6,257",
    "364",
    "5,893"
  ],
  [
    "THROCKMORTON",
    "5",
    "1,190",
    "77",
    "1,113"
  ],
  [
    "TITUS",
    "19",
    "17,583",
    "1,856",
    "15,727"
  ],
  [
    "TOM GREEN",
    "35",
    "69,225",
    "10,356",
    "58,869"
  ],
  [
    "TRAVIS",
    "288",
    "887,597",
    "80,777",
    "806,820"
  ],
  [
    "TRINITY",
    "20",
    "11,879",
    "531",
    "11,348"
  ],
  [
    "TYLER",
    "17",
    "14,563",
    "700",
    "13,863"
  ],
  [
    "UPSHUR",
    "19",
    "29,410",
    "2,265",
    "27,145"
  ],
  [
    "UPTON",
    "6",
    "2,066",
    "218",
    "1,848"
  ],
  [
    "UVALDE",
    "14",
    "17,542",
    "1,201",
    "16,341"
  ],
  [
    "VAL VERDE",
    "23",
    "28,950",
    "1,811",
    "27,139"
  ],
  [
    "VAN ZANDT",
    "18",
    "39,972",
    "2,910",
    "37,062"
  ],
  [
    "VICTORIA",
    "35",
    "56,100",
    "5,831",
    "50,269"
  ],
  [
    "WALKER",
    "21",
    "36,857",
    "5,339",
    "31,518"
  ],
  [
    "WALLER",
    "20",
    "40,205",
    "5,292",
    "34,913"
  ],
  [
    "WARD",
    "8",
    "6,857",
    "932",
    "5,925"
  ],
  [
    "WASHINGTON",
    "19",
    "24,922",
    "2,027",
    "22,895"
  ],
  [
    "WEBB",
    "79",
    "143,766",
    "17,837",
    "125,929"
  ],
  [
    "WHARTON",
    "12",
    "25,913",
    "956",
    "24,957"
  ],
  [
    "WHEELER",
    "4",
    "3,312",
    "329",
    "2,983"
  ],
  [
    "WICHITA",
    "40",
    "77,608",
    "11,005",
    "66,603"
  ],
  [
    "WILBARGER",
    "4",
    "7,966",
    "212",
    "7,754"
  ],
  [
    "WILLACY",
    "17",
    "11,474",
    "620",
    "10,854"
  ],
  [
    "WILLIAMSON",
    "164",
    "423,833",
    "43,893",
    "379,940"
  ],
  [
    "WILSON",
    "24",
    "37,815",
    "2,927",
    "34,888"
  ],
  [
    "WINKLER",
    "5",
    "3,962",
    "272",
    "3,690"
  ],
  [
    "WISE",
    "28",
    "52,904",
    "5,240",
    "47,664"
  ],
  [
    "WOOD",
    "14",
    "34,150",
    "3,093",
    "31,057"
  ],
  [
    "YOAKUM",
    "6",
    "4,246",
    "445",
    "3,801"
  ],
  [
    "YOUNG",
    "8",
    "12,021",
    "87",
    "11,934"
  ],
  [
    "ZAPATA",
    "7",
    "7,857",
    "582",
    "7,275"
  ],
  [
    "ZAVALA",
    "6",
    "7,709",
    "699",
    "7,010"
  ],
  [
    "STATEWIDE TOTAL",
    "9,754",
    "17,890,531",
    "1,798,105",
    "16,092,426"
  ]
]