[
  [
    "year",
    "make",
    "model",
    "engine",
    "blower-type",
    "color",
    "mileage",
    "purchased",
    "price*",
    "state",
    "county",
    "status"
  ],
  [
    "1963",
    "Chevrolet",
    "Corvair",
    "H6",
    "",
    "green",
    "112300",
    "1977-08-01",
    "200.00",
    "IA",
    "Washington",
    "S"
  ],
  [
    "1973",
    "Ford",
    "Mustang",
    "V8",
    "",
    "green",
    "50304",
    "1979-09-21",
    "1600.00",
    "IA",
    "Washington",
    "W"
  ],
  [
    "1976",
    "Fiat",
    "X1/9",
    "L4",
    "",
    "green",
    "77189",
    "1980-05-14",
    "2300.00",
    "IA",
    "Washington",
    "S"
  ],
  [
    "1978",
    "Chrysler",
    "Cordoba",
    "V8",
    "",
    "black",
    "76312",
    "1981-06-12",
    "4500.00",
    "IA",
    "Washington",
    "S"
  ],
  [
    "1965",
    "Ford",
    "Mustang",
    "V8",
    null,
    "blue",
    "123100",
    "1973-07-14",
    "700.00",
    "IA",
    "Johnson",
    "S"
  ],
  [
    "1981",
    "Dodge",
    "Omni",
    "L4",
    "",
    "yellow",
    "88123",
    "1989-03-03",
    "2000.00",
    "IA",
    "Johnson",
    "S"
  ],
  [
    "1986",
    "Ford",
    "Mustang",
    "V6",
    "",
    "red",
    "114300",
    "1992-02-20",
    "1500.00",
    "IA",
    "Johnson",
    "S"
  ],
  [
    "1988",
    "Toyota",
    "Camary",
    "V6",
    null,
    "grey",
    "24017",
    "1988-05-12",
    "12000.00",
    "IA",
    "Johnson",
    "S"
  ],
  [
    "1990",
    "Toyota",
    "Tercel",
    "L4",
    null,
    "red",
    "48012",
    "1990-05-12",
    "9800.00",
    "IA",
    "Johnson",
    "R"
  ],
  [
    "1995",
    "Ford",
    "Mustang",
    "V6",
    "",
    "red",
    "57117",
    "1998-04-21",
    "8000.00",
    "IA",
    "Johnson",
    "S"
  ],
  [
    "1988",
    "Ford",
    "Thunderbird",
    "V8",
    "",
    "yellow",
    "112747",
    "1999-11-07",
    "1200.00",
    "IA",
    "Johnson",
    "W"
  ],
  [
    "1994",
    "Pontiac",
    "Grand Am",
    "V6",
    "",
    "green",
    "77777",
    "2001-09-06",
    "4800.00",
    "MN",
    "Hennipen",
    "J"
  ],
  [
    "2000",
    "Ford",
    "Mustang",
    "V6",
    "SC",
    "white",
    "798001",
    "2000-09-12",
    "15000.00",
    "IA",
    "Johnson",
    "W"
  ],
  [
    "1998",
    "Chevrolet",
    "Cavalier",
    "L4",
    "",
    "black",
    "98989",
    "2005-08-14",
    "6000.00",
    "IA",
    "Johnson",
    "S"
  ],
  [
    "1964",
    "Factory Five",
    "Daytona",
    "V8",
    "SC",
    "blue",
    "12218",
    "2009-05-14",
    "30000.00",
    "IL",
    "DuPage",
    "S"
  ],
  [
    "2007",
    "Ford",
    "F150",
    "V8",
    "",
    "grey",
    "400",
    "2009-02-14",
    "24000.00",
    "IL",
    "DuPage",
    "T"
  ],
  [
    "2002",
    "Mini",
    "Cooper S",
    "L4",
    "SC",
    "grey",
    "170000",
    "2008-05-20",
    "17000.00",
    "IL",
    "DuPage",
    "T"
  ]
]
