[
  {"County Name":"ANDERSON","Precincts":"22","Voter Registration":"29,750","Suspense Voters":"2,756","Non-Suspense Voters":"26,994"},
  {"County Name":"ANDREWS","Precincts":"4","Voter Registration":"10,436","Suspense Voters":"1,447","Non-Suspense Voters":"8,989"},
  {"County Name":"ANGELINA","Precincts":"47","Voter Registration":"54,538","Suspense Voters":"5,973","Non-Suspense Voters":"48,565"},
  {"County Name":"ARANSAS","Precincts":"6","Voter Registration":"19,140","Suspense Voters":"3,048","Non-Suspense Voters":"16,092"},
  {"County Name":"ARCHER","Precincts":"13","Voter Registration":"6,801","Suspense Voters":"205","Non-Suspense Voters":"6,596"},
  {"County Name":"ARMSTRONG","Precincts":"9","Voter Registration":"1,411","Suspense Voters":"110","Non-Suspense Voters":"1,301"},
  {"County Name":"ATASCOSA","Precincts":"24","Voter Registration":"30,968","Suspense Voters":"3,501","Non-Suspense Voters":"27,467"},
  {"County Name":"AUSTIN","Precincts":"15","Voter Registration":"21,377","Suspense Voters":"2,127","Non-Suspense Voters":"19,250"},
  {"County Name":"BAILEY","Precincts":"4","Voter Registration":"3,135","Suspense Voters":"101","Non-Suspense Voters":"3,034"},
  {"County Name":"BANDERA","Precincts":"10","Voter Registration":"18,400","Suspense Voters":"1,765","Non-Suspense Voters":"16,635"},
  {"County Name":"BASTROP","Precincts":"26","Voter Registration":"58,173","Suspense Voters":"6,750","Non-Suspense Voters":"51,423"},
  {"County Name":"BAYLOR","Precincts":"4","Voter Registration":"2,385","Suspense Voters":"212","Non-Suspense Voters":"2,173"},
  {"County Name":"BEE","Precincts":"13","Voter Registration":"15,535","Suspense Voters":"2,192","Non-Suspense Voters":"13,343"},
  {"County Name":"BELL","Precincts":"65","Voter Registration":"228,209","Suspense Voters":"38,692","Non-Suspense Voters":"189,517"},
  {"County Name":"BEXAR","Precincts":"776","Voter Registration":"1,238,876","Suspense Voters":"125,350","Non-Suspense Voters":"1,113,526"},
  {"County Name":"BLANCO","Precincts":"5","Voter Registration":"10,627","Suspense Voters":"958","Non-Suspense Voters":"9,669"},
  {"County Name":"BORDEN","Precincts":"9","Voter Registration":"459","Suspense Voters":"32","Non-Suspense Voters":"427"},
  {"County Name":"BOSQUE","Precincts":"11","Voter Registration":"13,239","Suspense Voters":"1,365","Non-Suspense Voters":"11,874"},
  {"County Name":"BOWIE","Precincts":"49","Voter Registration":"60,920","Suspense Voters":"9,843","Non-Suspense Voters":"51,077"},
  {"County Name":"BRAZORIA","Precincts":"80","Voter Registration":"240,631","Suspense Voters":"24,832","Non-Suspense Voters":"215,799"},
  {"County Name":"BRAZOS","Precincts":"109","Voter Registration":"127,664","Suspense Voters":"20,888","Non-Suspense Voters":"106,776"},
  {"County Name":"BREWSTER","Precincts":"8","Voter Registration":"7,169","Suspense Voters":"1,338","Non-Suspense Voters":"5,831"},
  {"County Name":"BRISCOE","Precincts":"6","Voter Registration":"1,027","Suspense Voters":"116","Non-Suspense Voters":"911"},
  {"County Name":"BROOKS","Precincts":"5","Voter Registration":"4,913","Suspense Voters":"734","Non-Suspense Voters":"4,179"},
  {"County Name":"BROWN","Precincts":"18","Voter Registration":"24,721","Suspense Voters":"2,956","Non-Suspense Voters":"21,765"},
  {"County Name":"BURLESON","Precincts":"14","Voter Registration":"13,299","Suspense Voters":"1,379","Non-Suspense Voters":"11,920"},
  {"County Name":"BURNET","Precincts":"20","Voter Registration":"37,618","Suspense Voters":"3,923","Non-Suspense Voters":"33,695"},
  {"County Name":"CALDWELL","Precincts":"24","Voter Registration":"25,702","Suspense Voters":"2,196","Non-Suspense Voters":"23,506"},
  {"County Name":"CALHOUN","Precincts":"11","Voter Registration":"12,953","Suspense Voters":"1,487","Non-Suspense Voters":"11,466"},
  {"County Name":"CALLAHAN","Precincts":"8","Voter Registration":"10,135","Suspense Voters":"697","Non-Suspense Voters":"9,438"},
  {"County Name":"CAMERON","Precincts":"101","Voter Registration":"230,531","Suspense Voters":"21,909","Non-Suspense Voters":"208,622"},
  {"County Name":"CAMP","Precincts":"4","Voter Registration":"8,069","Suspense Voters":"733","Non-Suspense Voters":"7,336"},
  {"County Name":"CARSON","Precincts":"9","Voter Registration":"4,231","Suspense Voters":"360","Non-Suspense Voters":"3,871"},
  {"County Name":"CASS","Precincts":"18","Voter Registration":"21,151","Suspense Voters":"2,829","Non-Suspense Voters":"18,322"},
  {"County Name":"CASTRO","Precincts":"8","Voter Registration":"3,641","Suspense Voters":"390","Non-Suspense Voters":"3,251"},
  {"County Name":"CHAMBERS","Precincts":"18","Voter Registration":"35,387","Suspense Voters":"2,942","Non-Suspense Voters":"32,445"},
  {"County Name":"CHEROKEE","Precincts":"25","Voter Registration":"31,036","Suspense Voters":"2,775","Non-Suspense Voters":"28,261"},
  {"County Name":"CHILDRESS","Precincts":"4","Voter Registration":"3,675","Suspense Voters":"173","Non-Suspense Voters":"3,502"},
  {"County Name":"CLAY","Precincts":"16","Voter Registration":"8,089","Suspense Voters":"756","Non-Suspense Voters":"7,333"},
  {"County Name":"COCHRAN","Precincts":"5","Voter Registration":"1,653","Suspense Voters":"268","Non-Suspense Voters":"1,385"},
  {"County Name":"COKE","Precincts":"4","Voter Registration":"2,362","Suspense Voters":"45","Non-Suspense Voters":"2,317"},
  {"County Name":"COLEMAN","Precincts":"5","Voter Registration":"5,996","Suspense Voters":"579","Non-Suspense Voters":"5,417"},
  {"County Name":"COLLIN","Precincts":"252","Voter Registration":"712,645","Suspense Voters":"77,220","Non-Suspense Voters":"635,425"},
  {"County Name":"COLLINGSWORTH","Precincts":"14","Voter Registration":"1,869","Suspense Voters":"3","Non-Suspense Voters":"1,866"},
  {"County Name":"COLORADO","Precincts":"12","Voter Registration":"14,424","Suspense Voters":"1,204","Non-Suspense Voters":"13,220"},
  {"County Name":"COMAL","Precincts":"34","Voter Registration":"136,291","Suspense Voters":"14,672","Non-Suspense Voters":"121,619"},
  {"County Name":"COMANCHE","Precincts":"14","Voter Registration":"9,747","Suspense Voters":"1,080","Non-Suspense Voters":"8,667"},
  {"County Name":"CONCHO","Precincts":"8","Voter Registration":"1,739","Suspense Voters":"120","Non-Suspense Voters":"1,619"},
  {"County Name":"COOKE","Precincts":"17","Voter Registration":"29,115","Suspense Voters":"1,703","Non-Suspense Voters":"27,412"},
  {"County Name":"CORYELL","Precincts":"16","Voter Registration":"44,610","Suspense Voters":"11,564","Non-Suspense Voters":"33,046"},
  {"County Name":"COTTLE","Precincts":"4","Voter Registration":"969","Suspense Voters":"158","Non-Suspense Voters":"811"},
  {"County Name":"CRANE","Precincts":"4","Voter Registration":"2,637","Suspense Voters":"259","Non-Suspense Voters":"2,378"},
  {"County Name":"CROCKETT","Precincts":"4","Voter Registration":"2,219","Suspense Voters":"160","Non-Suspense Voters":"2,059"},
  {"County Name":"CROSBY","Precincts":"4","Voter Registration":"3,491","Suspense Voters":"549","Non-Suspense Voters":"2,942"},
  {"County Name":"CULBERSON","Precincts":"5","Voter Registration":"1,635","Suspense Voters":"46","Non-Suspense Voters":"1,589"},
  {"County Name":"DALLAM","Precincts":"9","Voter Registration":"2,793","Suspense Voters":"271","Non-Suspense Voters":"2,522"},
  {"County Name":"DALLAS","Precincts":"887","Voter Registration":"1,419,477","Suspense Voters":"120,576","Non-Suspense Voters":"1,298,901"},
  {"County Name":"DAWSON","Precincts":"9","Voter Registration":"6,659","Suspense Voters":"887","Non-Suspense Voters":"5,772"},
  {"County Name":"DEAF SMITH","Precincts":"4","Voter Registration":"8,482","Suspense Voters":"1,179","Non-Suspense Voters":"7,303"},
  {"County Name":"DELTA","Precincts":"7","Voter Registration":"4,009","Suspense Voters":"310","Non-Suspense Voters":"3,699"},
  {"County Name":"DENTON","Precincts":"240","Voter Registration":"628,566","Suspense Voters":"55,293","Non-Suspense Voters":"573,273"},
  {"County Name":"DEWITT","Precincts":"10","Voter Registration":"11,166","Suspense Voters":"929","Non-Suspense Voters":"10,237"},
  {"County Name":"DICKENS","Precincts":"6","Voter Registration":"1,431","Suspense Voters":"139","Non-Suspense Voters":"1,292"},
  {"County Name":"DIMMIT","Precincts":"7","Voter Registration":"6,582","Suspense Voters":"523","Non-Suspense Voters":"6,059"},
  {"County Name":"DONLEY","Precincts":"6","Voter Registration":"2,260","Suspense Voters":"204","Non-Suspense Voters":"2,056"},
  {"County Name":"DUVAL","Precincts":"11","Voter Registration":"7,935","Suspense Voters":"345","Non-Suspense Voters":"7,590"},
  {"County Name":"EASTLAND","Precincts":"9","Voter Registration":"12,121","Suspense Voters":"1,399","Non-Suspense Voters":"10,722"},
  {"County Name":"ECTOR","Precincts":"41","Voter Registration":"82,791","Suspense Voters":"4,868","Non-Suspense Voters":"77,923"},
  {"County Name":"EDWARDS","Precincts":"5","Voter Registration":"1,474","Suspense Voters":"159","Non-Suspense Voters":"1,315"},
  {"County Name":"ELLIS","Precincts":"59","Voter Registration":"138,723","Suspense Voters":"13,536","Non-Suspense Voters":"125,187"},
  {"County Name":"EL PASO","Precincts":"221","Voter Registration":"500,673","Suspense Voters":"47,639","Non-Suspense Voters":"453,034"},
  {"County Name":"ERATH","Precincts":"21","Voter Registration":"24,995","Suspense Voters":"1,472","Non-Suspense Voters":"23,523"},
  {"County Name":"FALLS","Precincts":"12","Voter Registration":"10,223","Suspense Voters":"847","Non-Suspense Voters":"9,376"},
  {"County Name":"FANNIN","Precincts":"17","Voter Registration":"23,813","Suspense Voters":"3,078","Non-Suspense Voters":"20,735"},
  {"County Name":"FAYETTE","Precincts":"12","Voter Registration":"17,962","Suspense Voters":"1,563","Non-Suspense Voters":"16,399"},
  {"County Name":"FISHER","Precincts":"4","Voter Registration":"2,673","Suspense Voters":"37","Non-Suspense Voters":"2,636"},
  {"County Name":"FLOYD","Precincts":"4","Voter Registration":"3,591","Suspense Voters":"243","Non-Suspense Voters":"3,348"},
  {"County Name":"FOARD","Precincts":"4","Voter Registration":"800","Suspense Voters":"75","Non-Suspense Voters":"725"},
  {"County Name":"FORT BEND","Precincts":"177","Voter Registration":"527,397","Suspense Voters":"50,153","Non-Suspense Voters":"477,244"},
  {"County Name":"FRANKLIN","Precincts":"8","Voter Registration":"7,395","Suspense Voters":"607","Non-Suspense Voters":"6,788"},
  {"County Name":"FREESTONE","Precincts":"13","Voter Registration":"12,959","Suspense Voters":"1,318","Non-Suspense Voters":"11,641"},
  {"County Name":"FRIO","Precincts":"9","Voter Registration":"9,247","Suspense Voters":"817","Non-Suspense Voters":"8,430"},
  {"County Name":"GAINES","Precincts":"7","Voter Registration":"10,058","Suspense Voters":"1,217","Non-Suspense Voters":"8,841"},
  {"County Name":"GALVESTON","Precincts":"96","Voter Registration":"237,517","Suspense Voters":"19,731","Non-Suspense Voters":"217,786"},
  {"County Name":"GARZA","Precincts":"6","Voter Registration":"2,605","Suspense Voters":"410","Non-Suspense Voters":"2,195"},
  {"County Name":"GILLESPIE","Precincts":"13","Voter Registration":"21,294","Suspense Voters":"1,988","Non-Suspense Voters":"19,306"},
  {"County Name":"GLASSCOCK","Precincts":"4","Voter Registration":"828","Suspense Voters":"29","Non-Suspense Voters":"799"},
  {"County Name":"GOLIAD","Precincts":"9","Voter Registration":"5,759","Suspense Voters":"650","Non-Suspense Voters":"5,109"},
  {"County Name":"GONZALES","Precincts":"15","Voter Registration":"12,882","Suspense Voters":"630","Non-Suspense Voters":"12,252"},
  {"County Name":"GRAY","Precincts":"7","Voter Registration":"12,047","Suspense Voters":"1,527","Non-Suspense Voters":"10,520"},
  {"County Name":"GRAYSON","Precincts":"41","Voter Registration":"95,362","Suspense Voters":"9,305","Non-Suspense Voters":"86,057"},
  {"County Name":"GREGG","Precincts":"21","Voter Registration":"74,057","Suspense Voters":"8,059","Non-Suspense Voters":"65,998"},
  {"County Name":"GRIMES","Precincts":"13","Voter Registration":"20,042","Suspense Voters":"1,797","Non-Suspense Voters":"18,245"},
  {"County Name":"GUADALUPE","Precincts":"76","Voter Registration":"123,388","Suspense Voters":"14,947","Non-Suspense Voters":"108,441"},
  {"County Name":"HALE","Precincts":"30","Voter Registration":"17,845","Suspense Voters":"1,243","Non-Suspense Voters":"16,602"},
  {"County Name":"HALL","Precincts":"7","Voter Registration":"1,848","Suspense Voters":"208","Non-Suspense Voters":"1,640"},
  {"County Name":"HAMILTON","Precincts":"11","Voter Registration":"6,108","Suspense Voters":"583","Non-Suspense Voters":"5,525"},
  {"County Name":"HANSFORD","Precincts":"8","Voter Registration":"2,950","Suspense Voters":"341","Non-Suspense Voters":"2,609"},
  {"County Name":"HARDEMAN","Precincts":"4","Voter Registration":"2,364","Suspense Voters":"229","Non-Suspense Voters":"2,135"},
  {"County Name":"HARDIN","Precincts":"19","Voter Registration":"42,264","Suspense Voters":"576","Non-Suspense Voters":"41,688"},
  {"County Name":"HARRIS","Precincts":"1,171","Voter Registration":"2,604,124","Suspense Voters":"248,710","Non-Suspense Voters":"2,355,414"},
  {"County Name":"HARRISON","Precincts":"27","Voter Registration":"45,986","Suspense Voters":"5,196","Non-Suspense Voters":"40,790"},
  {"County Name":"HARTLEY","Precincts":"6","Voter Registration":"2,774","Suspense Voters":"389","Non-Suspense Voters":"2,385"},
  {"County Name":"HASKELL","Precincts":"10","Voter Registration":"3,349","Suspense Voters":"268","Non-Suspense Voters":"3,081"},
  {"County Name":"HAYS","Precincts":"94","Voter Registration":"173,820","Suspense Voters":"13,378","Non-Suspense Voters":"160,442"},
  {"County Name":"HEMPHILL","Precincts":"8","Voter Registration":"2,307","Suspense Voters":"274","Non-Suspense Voters":"2,033"},
  {"County Name":"HENDERSON","Precincts":"30","Voter Registration":"57,467","Suspense Voters":"5,805","Non-Suspense Voters":"51,662"},
  {"County Name":"HIDALGO","Precincts":"259","Voter Registration":"428,414","Suspense Voters":"35,328","Non-Suspense Voters":"393,086"},
  {"County Name":"HILL","Precincts":"13","Voter Registration":"25,699","Suspense Voters":"276","Non-Suspense Voters":"25,423"},
  {"County Name":"HOCKLEY","Precincts":"14","Voter Registration":"13,521","Suspense Voters":"659","Non-Suspense Voters":"12,862"},
  {"County Name":"HOOD","Precincts":"17","Voter Registration":"49,556","Suspense Voters":"3,986","Non-Suspense Voters":"45,570"},
  {"County Name":"HOPKINS","Precincts":"21","Voter Registration":"24,594","Suspense Voters":"1,885","Non-Suspense Voters":"22,709"},
  {"County Name":"HOUSTON","Precincts":"21","Voter Registration":"13,553","Suspense Voters":"1,657","Non-Suspense Voters":"11,896"},
  {"County Name":"HOWARD","Precincts":"33","Voter Registration":"16,768","Suspense Voters":"1,567","Non-Suspense Voters":"15,201"},
  {"County Name":"HUDSPETH","Precincts":"8","Voter Registration":"2,143","Suspense Voters":"228","Non-Suspense Voters":"1,915"},
  {"County Name":"HUNT","Precincts":"36","Voter Registration":"68,246","Suspense Voters":"7,661","Non-Suspense Voters":"60,585"},
  {"County Name":"HUTCHINSON","Precincts":"8","Voter Registration":"13,199","Suspense Voters":"947","Non-Suspense Voters":"12,252"},
  {"County Name":"IRION","Precincts":"6","Voter Registration":"1,222","Suspense Voters":"126","Non-Suspense Voters":"1,096"},
  {"County Name":"JACK","Precincts":"6","Voter Registration":"5,623","Suspense Voters":"636","Non-Suspense Voters":"4,987"},
  {"County Name":"JACKSON","Precincts":"9","Voter Registration":"9,663","Suspense Voters":"941","Non-Suspense Voters":"8,722"},
  {"County Name":"JASPER","Precincts":"20","Voter Registration":"23,876","Suspense Voters":"2,180","Non-Suspense Voters":"21,696"},
  {"County Name":"JEFF DAVIS","Precincts":"5","Voter Registration":"1,554","Suspense Voters":"175","Non-Suspense Voters":"1,379"},
  {"County Name":"JEFFERSON","Precincts":"104","Voter Registration":"145,249","Suspense Voters":"13,410","Non-Suspense Voters":"131,839"},
  {"County Name":"JIM HOGG","Precincts":"5","Voter Registration":"3,534","Suspense Voters":"492","Non-Suspense Voters":"3,042"},
  {"County Name":"JIM WELLS","Precincts":"21","Voter Registration":"25,886","Suspense Voters":"2,739","Non-Suspense Voters":"23,147"},
  {"County Name":"JOHNSON","Precincts":"43","Voter Registration":"122,431","Suspense Voters":"14,265","Non-Suspense Voters":"108,166"},
  {"County Name":"JONES","Precincts":"4","Voter Registration":"10,705","Suspense Voters":"861","Non-Suspense Voters":"9,844"},
  {"County Name":"KARNES","Precincts":"15","Voter Registration":"8,319","Suspense Voters":"941","Non-Suspense Voters":"7,378"},
  {"County Name":"KAUFMAN","Precincts":"37","Voter Registration":"100,352","Suspense Voters":"8,107","Non-Suspense Voters":"92,245"},
  {"County Name":"KENDALL","Precincts":"17","Voter Registration":"37,616","Suspense Voters":"1,570","Non-Suspense Voters":"36,046"},
  {"County Name":"KENEDY","Precincts":"6","Voter Registration":"270","Suspense Voters":"58","Non-Suspense Voters":"212"},
  {"County Name":"KENT","Precincts":"6","Voter Registration":"584","Suspense Voters":"19","Non-Suspense Voters":"565"},
  {"County Name":"KERR","Precincts":"21","Voter Registration":"38,933","Suspense Voters":"4,524","Non-Suspense Voters":"34,409"},
  {"County Name":"KIMBLE","Precincts":"7","Voter Registration":"3,229","Suspense Voters":"252","Non-Suspense Voters":"2,977"},
  {"County Name":"KING","Precincts":"4","Voter Registration":"158","Suspense Voters":"10","Non-Suspense Voters":"148"},
  {"County Name":"KINNEY","Precincts":"4","Voter Registration":"2,161","Suspense Voters":"137","Non-Suspense Voters":"2,024"},
  {"County Name":"KLEBERG","Precincts":"19","Voter Registration":"18,259","Suspense Voters":"3,178","Non-Suspense Voters":"15,081"},
  {"County Name":"KNOX","Precincts":"6","Voter Registration":"2,209","Suspense Voters":"60","Non-Suspense Voters":"2,149"},
  {"County Name":"LAMAR","Precincts":"26","Voter Registration":"32,282","Suspense Voters":"3,425","Non-Suspense Voters":"28,857"},
  {"County Name":"LAMB","Precincts":"12","Voter Registration":"7,760","Suspense Voters":"734","Non-Suspense Voters":"7,026"},
  {"County Name":"LAMPASAS","Precincts":"10","Voter Registration":"16,221","Suspense Voters":"736","Non-Suspense Voters":"15,485"},
  {"County Name":"LASALLE","Precincts":"6","Voter Registration":"4,158","Suspense Voters":"628","Non-Suspense Voters":"3,530"},
  {"County Name":"LAVACA","Precincts":"11","Voter Registration":"14,081","Suspense Voters":"1,277","Non-Suspense Voters":"12,804"},
  {"County Name":"LEE","Precincts":"15","Voter Registration":"11,703","Suspense Voters":"1,125","Non-Suspense Voters":"10,578"},
  {"County Name":"LEON","Precincts":"14","Voter Registration":"12,265","Suspense Voters":"943","Non-Suspense Voters":"11,322"},
  {"County Name":"LIBERTY","Precincts":"24","Voter Registration":"51,889","Suspense Voters":"5,117","Non-Suspense Voters":"46,772"},
  {"County Name":"LIMESTONE","Precincts":"22","Voter Registration":"14,080","Suspense Voters":"636","Non-Suspense Voters":"13,444"},
  {"County Name":"LIPSCOMB","Precincts":"9","Voter Registration":"1,784","Suspense Voters":"113","Non-Suspense Voters":"1,671"},
  {"County Name":"LIVE OAK","Precincts":"14","Voter Registration":"7,577","Suspense Voters":"1,073","Non-Suspense Voters":"6,504"},
  {"County Name":"LLANO","Precincts":"9","Voter Registration":"17,893","Suspense Voters":"1,984","Non-Suspense Voters":"15,909"},
  {"County Name":"LOVING","Precincts":"4","Voter Registration":"110","Suspense Voters":"19","Non-Suspense Voters":"91"},
  {"County Name":"LUBBOCK","Precincts":"103","Voter Registration":"188,391","Suspense Voters":"31,939","Non-Suspense Voters":"156,452"},
  {"County Name":"LYNN","Precincts":"10","Voter Registration":"4,153","Suspense Voters":"204","Non-Suspense Voters":"3,949"},
  {"County Name":"MADISON","Precincts":"4","Voter Registration":"8,206","Suspense Voters":"783","Non-Suspense Voters":"7,423"},
  {"County Name":"MARION","Precincts":"10","Voter Registration":"7,627","Suspense Voters":"505","Non-Suspense Voters":"7,122"},
  {"County Name":"MARTIN","Precincts":"6","Voter Registration":"3,403","Suspense Voters":"325","Non-Suspense Voters":"3,078"},
  {"County Name":"MASON","Precincts":"4","Voter Registration":"3,209","Suspense Voters":"251","Non-Suspense Voters":"2,958"},
  {"County Name":"MATAGORDA","Precincts":"18","Voter Registration":"21,804","Suspense Voters":"2,158","Non-Suspense Voters":"19,646"},
  {"County Name":"MAVERICK","Precincts":"16","Voter Registration":"34,716","Suspense Voters":"3,134","Non-Suspense Voters":"31,582"},
  {"County Name":"MCCULLOCH","Precincts":"9","Voter Registration":"5,280","Suspense Voters":"715","Non-Suspense Voters":"4,565"},
  {"County Name":"MCLENNAN","Precincts":"91","Voter Registration":"153,475","Suspense Voters":"20,886","Non-Suspense Voters":"132,589"},
  {"County Name":"MCMULLEN","Precincts":"4","Voter Registration":"616","Suspense Voters":"6","Non-Suspense Voters":"610"},
  {"County Name":"MEDINA","Precincts":"15","Voter Registration":"36,975","Suspense Voters":"3,310","Non-Suspense Voters":"33,665"},
  {"County Name":"MENARD","Precincts":"6","Voter Registration":"1,453","Suspense Voters":"142","Non-Suspense Voters":"1,311"},
  {"County Name":"MIDLAND","Precincts":"47","Voter Registration":"95,210","Suspense Voters":"13,763","Non-Suspense Voters":"81,447"},
  {"County Name":"MILAM","Precincts":"11","Voter Registration":"16,732","Suspense Voters":"1,147","Non-Suspense Voters":"15,585"},
  {"County Name":"MILLS","Precincts":"8","Voter Registration":"3,516","Suspense Voters":"282","Non-Suspense Voters":"3,234"},
  {"County Name":"MITCHELL","Precincts":"4","Voter Registration":"4,460","Suspense Voters":"518","Non-Suspense Voters":"3,942"},
  {"County Name":"MONTAGUE","Precincts":"15","Voter Registration":"15,062","Suspense Voters":"1,438","Non-Suspense Voters":"13,624"},
  {"County Name":"MONTGOMERY","Precincts":"113","Voter Registration":"428,859","Suspense Voters":"38,511","Non-Suspense Voters":"390,348"},
  {"County Name":"MOORE","Precincts":"7","Voter Registration":"9,881","Suspense Voters":"729","Non-Suspense Voters":"9,152"},
  {"County Name":"MORRIS","Precincts":"9","Voter Registration":"8,695","Suspense Voters":"1,040","Non-Suspense Voters":"7,655"},
  {"County Name":"MOTLEY","Precincts":"6","Voter Registration":"818","Suspense Voters":"53","Non-Suspense Voters":"765"},
  {"County Name":"NACOGDOCHES","Precincts":"19","Voter Registration":"38,524","Suspense Voters":"4,843","Non-Suspense Voters":"33,681"},
  {"County Name":"NAVARRO","Precincts":"33","Voter Registration":"31,688","Suspense Voters":"1,760","Non-Suspense Voters":"29,928"},
  {"County Name":"NEWTON","Precincts":"24","Voter Registration":"9,349","Suspense Voters":"449","Non-Suspense Voters":"8,900"},
  {"County Name":"NOLAN","Precincts":"9","Voter Registration":"8,339","Suspense Voters":"306","Non-Suspense Voters":"8,033"},
  {"County Name":"NUECES","Precincts":"128","Voter Registration":"212,704","Suspense Voters":"21,756","Non-Suspense Voters":"190,948"},
  {"County Name":"OCHILTREE","Precincts":"4","Voter Registration":"5,121","Suspense Voters":"596","Non-Suspense Voters":"4,525"},
  {"County Name":"OLDHAM","Precincts":"7","Voter Registration":"1,329","Suspense Voters":"161","Non-Suspense Voters":"1,168"},
  {"County Name":"ORANGE","Precincts":"34","Voter Registration":"54,752","Suspense Voters":"4,807","Non-Suspense Voters":"49,945"},
  {"County Name":"PALO PINTO","Precincts":"30","Voter Registration":"19,411","Suspense Voters":"1,711","Non-Suspense Voters":"17,700"},
  {"County Name":"PANOLA","Precincts":"19","Voter Registration":"17,437","Suspense Voters":"1,815","Non-Suspense Voters":"15,622"},
  {"County Name":"PARKER","Precincts":"45","Voter Registration":"121,027","Suspense Voters":"14,868","Non-Suspense Voters":"106,159"},
  {"County Name":"PARMER","Precincts":"8","Voter Registration":"4,455","Suspense Voters":"341","Non-Suspense Voters":"4,114"},
  {"County Name":"PECOS","Precincts":"9","Voter Registration":"8,235","Suspense Voters":"1,001","Non-Suspense Voters":"7,234"},
  {"County Name":"POLK","Precincts":"22","Voter Registration":"42,809","Suspense Voters":"6,034","Non-Suspense Voters":"36,775"},
  {"County Name":"POTTER","Precincts":"25","Voter Registration":"57,545","Suspense Voters":"9,854","Non-Suspense Voters":"47,691"},
  {"County Name":"PRESIDIO","Precincts":"7","Voter Registration":"4,310","Suspense Voters":"412","Non-Suspense Voters":"3,898"},
  {"County Name":"RAINS","Precincts":"8","Voter Registration":"9,011","Suspense Voters":"869","Non-Suspense Voters":"8,142"},
  {"County Name":"RANDALL","Precincts":"31","Voter Registration":"96,752","Suspense Voters":"12,152","Non-Suspense Voters":"84,600"},
  {"County Name":"REAGAN","Precincts":"4","Voter Registration":"1,794","Suspense Voters":"246","Non-Suspense Voters":"1,548"},
  {"County Name":"REAL","Precincts":"5","Voter Registration":"2,630","Suspense Voters":"238","Non-Suspense Voters":"2,392"},
  {"County Name":"RED RIVER","Precincts":"29","Voter Registration":"8,482","Suspense Voters":"924","Non-Suspense Voters":"7,558"},
  {"County Name":"REEVES","Precincts":"9","Voter Registration":"7,567","Suspense Voters":"668","Non-Suspense Voters":"6,899"},
  {"County Name":"REFUGIO","Precincts":"10","Voter Registration":"4,818","Suspense Voters":"475","Non-Suspense Voters":"4,343"},
  {"County Name":"ROBERTS","Precincts":"5","Voter Registration":"704","Suspense Voters":"72","Non-Suspense Voters":"632"},
  {"County Name":"ROBERTSON","Precincts":"13","Voter Registration":"12,195","Suspense Voters":"774","Non-Suspense Voters":"11,421"},
  {"County Name":"ROCKWALL","Precincts":"26","Voter Registration":"83,390","Suspense Voters":"7,618","Non-Suspense Voters":"75,772"},
  {"County Name":"RUNNELS","Precincts":"9","Voter Registration":"6,773","Suspense Voters":"242","Non-Suspense Voters":"6,531"},
  {"County Name":"RUSK","Precincts":"22","Voter Registration":"33,258","Suspense Voters":"3,566","Non-Suspense Voters":"29,692"},
  {"County Name":"SABINE","Precincts":"10","Voter Registration":"8,231","Suspense Voters":"927","Non-Suspense Voters":"7,304"},
  {"County Name":"SAN AUGUSTINE","Precincts":"11","Voter Registration":"5,911","Suspense Voters":"481","Non-Suspense Voters":"5,430"},
  {"County Name":"SAN JACINTO","Precincts":"11","Voter Registration":"19,798","Suspense Voters":"1,544","Non-Suspense Voters":"18,254"},
  {"County Name":"SAN PATRICIO","Precincts":"25","Voter Registration":"43,645","Suspense Voters":"5,544","Non-Suspense Voters":"38,101"},
  {"County Name":"SAN SABA","Precincts":"7","Voter Registration":"3,717","Suspense Voters":"207","Non-Suspense Voters":"3,510"},
  {"County Name":"SCHLEICHER","Precincts":"4","Voter Registration":"1,719","Suspense Voters":"88","Non-Suspense Voters":"1,631"},
  {"County Name":"SCURRY","Precincts":"11","Voter Registration":"9,223","Suspense Voters":"1,026","Non-Suspense Voters":"8,197"},
  {"County Name":"SHACKELFORD","Precincts":"7","Voter Registration":"2,339","Suspense Voters":"185","Non-Suspense Voters":"2,154"},
  {"County Name":"SHELBY","Precincts":"14","Voter Registration":"15,956","Suspense Voters":"1,438","Non-Suspense Voters":"14,518"},
  {"County Name":"SHERMAN","Precincts":"7","Voter Registration":"1,394","Suspense Voters":"184","Non-Suspense Voters":"1,210"},
  {"County Name":"SMITH","Precincts":"75","Voter Registration":"156,196","Suspense Voters":"13,401","Non-Suspense Voters":"142,795"},
  {"County Name":"SOMERVELL","Precincts":"8","Voter Registration":"7,125","Suspense Voters":"541","Non-Suspense Voters":"6,584"},
  {"County Name":"STARR","Precincts":"14","Voter Registration":"35,191","Suspense Voters":"1,578","Non-Suspense Voters":"33,613"},
  {"County Name":"STEPHENS","Precincts":"5","Voter Registration":"5,717","Suspense Voters":"644","Non-Suspense Voters":"5,073"},
  {"County Name":"STERLING","Precincts":"4","Voter Registration":"828","Suspense Voters":"39","Non-Suspense Voters":"789"},
  {"County Name":"STONEWALL","Precincts":"4","Voter Registration":"921","Suspense Voters":"0","Non-Suspense Voters":"921"},
  {"County Name":"SUTTON","Precincts":"8","Voter Registration":"2,317","Suspense Voters":"225","Non-Suspense Voters":"2,092"},
  {"County Name":"SWISHER","Precincts":"8","Voter Registration":"3,848","Suspense Voters":"463","Non-Suspense Voters":"3,385"},
  {"County Name":"TARRANT","Precincts":"844","Voter Registration":"1,264,855","Suspense Voters":"141,682","Non-Suspense Voters":"1,123,173"},
  {"County Name":"TAYLOR","Precincts":"34","Voter Registration":"86,321","Suspense Voters":"14,699","Non-Suspense Voters":"71,622"},
  {"County Name":"TERRELL","Precincts":"4","Voter Registration":"624","Suspense Voters":"16","Non-Suspense Voters":"608"},
  {"County Name":"TERRY","Precincts":"8","Voter Registration":"6,257","Suspense Voters":"364","Non-Suspense Voters":"5,893"},
  {"County Name":"THROCKMORTON","Precincts":"5","Voter Registration":"1,190","Suspense Voters":"77","Non-Suspense Voters":"1,113"},
  {"County Name":"TITUS","Precincts":"19","Voter Registration":"17,583","Suspense Voters":"1,856","Non-Suspense Voters":"15,727"},
  {"County Name":"TOM GREEN","Precincts":"35","Voter Registration":"69,225","Suspense Voters":"10,356","Non-Suspense Voters":"58,869"},
  {"County Name":"TRAVIS","Precincts":"288","Voter Registration":"887,597","Suspense Voters":"80,777","Non-Suspense Voters":"806,820"},
  {"County Name":"TRINITY","Precincts":"20","Voter Registration":"11,879","Suspense Voters":"531","Non-Suspense Voters":"11,348"},
  {"County Name":"TYLER","Precincts":"17","Voter Registration":"14,563","Suspense Voters":"700","Non-Suspense Voters":"13,863"},
  {"County Name":"UPSHUR","Precincts":"19","Voter Registration":"29,410","Suspense Voters":"2,265","Non-Suspense Voters":"27,145"},
  {"County Name":"UPTON","Precincts":"6","Voter Registration":"2,066","Suspense Voters":"218","Non-Suspense Voters":"1,848"},
  {"County Name":"UVALDE","Precincts":"14","Voter Registration":"17,542","Suspense Voters":"1,201","Non-Suspense Voters":"16,341"},
  {"County Name":"VAL VERDE","Precincts":"23","Voter Registration":"28,950","Suspense Voters":"1,811","Non-Suspense Voters":"27,139"},
  {"County Name":"VAN ZANDT","Precincts":"18","Voter Registration":"39,972","Suspense Voters":"2,910","Non-Suspense Voters":"37,062"},
  {"County Name":"VICTORIA","Precincts":"35","Voter Registration":"56,100","Suspense Voters":"5,831","Non-Suspense Voters":"50,269"},
  {"County Name":"WALKER","Precincts":"21","Voter Registration":"36,857","Suspense Voters":"5,339","Non-Suspense Voters":"31,518"},
  {"County Name":"WALLER","Precincts":"20","Voter Registration":"40,205","Suspense Voters":"5,292","Non-Suspense Voters":"34,913"},
  {"County Name":"WARD","Precincts":"8","Voter Registration":"6,857","Suspense Voters":"932","Non-Suspense Voters":"5,925"},
  {"County Name":"WASHINGTON","Precincts":"19","Voter Registration":"24,922","Suspense Voters":"2,027","Non-Suspense Voters":"22,895"},
  {"County Name":"WEBB","Precincts":"79","Voter Registration":"143,766","Suspense Voters":"17,837","Non-Suspense Voters":"125,929"},
  {"County Name":"WHARTON","Precincts":"12","Voter Registration":"25,913","Suspense Voters":"956","Non-Suspense Voters":"24,957"},
  {"County Name":"WHEELER","Precincts":"4","Voter Registration":"3,312","Suspense Voters":"329","Non-Suspense Voters":"2,983"},
  {"County Name":"WICHITA","Precincts":"40","Voter Registration":"77,608","Suspense Voters":"11,005","Non-Suspense Voters":"66,603"},
  {"County Name":"WILBARGER","Precincts":"4","Voter Registration":"7,966","Suspense Voters":"212","Non-Suspense Voters":"7,754"},
  {"County Name":"WILLACY","Precincts":"17","Voter Registration":"11,474","Suspense Voters":"620","Non-Suspense Voters":"10,854"},
  {"County Name":"WILLIAMSON","Precincts":"164","Voter Registration":"423,833","Suspense Voters":"43,893","Non-Suspense Voters":"379,940"},
  {"County Name":"WILSON","Precincts":"24","Voter Registration":"37,815","Suspense Voters":"2,927","Non-Suspense Voters":"34,888"},
  {"County Name":"WINKLER","Precincts":"5","Voter Registration":"3,962","Suspense Voters":"272","Non-Suspense Voters":"3,690"},
  {"County Name":"WISE","Precincts":"28","Voter Registration":"52,904","Suspense Voters":"5,240","Non-Suspense Voters":"47,664"},
  {"County Name":"WOOD","Precincts":"14","Voter Registration":"34,150","Suspense Voters":"3,093","Non-Suspense Voters":"31,057"},
  {"County Name":"YOAKUM","Precincts":"6","Voter Registration":"4,246","Suspense Voters":"445","Non-Suspense Voters":"3,801"},
  {"County Name":"YOUNG","Precincts":"8","Voter Registration":"12,021","Suspense Voters":"87","Non-Suspense Voters":"11,934"},
  {"County Name":"ZAPATA","Precincts":"7","Voter Registration":"7,857","Suspense Voters":"582","Non-Suspense Voters":"7,275"},
  {"County Name":"ZAVALA","Precincts":"6","Voter Registration":"7,709","Suspense Voters":"699","Non-Suspense Voters":"7,010"},
  {"County Name":"STATEWIDE TOTAL","Precincts":"9,754","Voter Registration":"17,890,531","Suspense Voters":"1,798,105","Non-Suspense Voters":"16,092,426"}
  ]
